// Jest Snapshot v1, https://goo.gl/fbAQLP

exports[`color display renders a color display 1`] = `
<div
  className="ColorDisplay"
  style={
    Object {
      "background": undefined,
    }
  }
/>
`;
