// Jest Snapshot v1, https://goo.gl/fbAQLP

exports[`color picker renders a color picker 1`] = `
<Fragment>
  <div
    style={
      Object {
        "background": "",
        "height": "100px",
        "width": "100px",
      }
    }
  />
</Fragment>
`;
